  Determining projects to restore...
  All projects are up-to-date for restore.
C:\Users\User\Documents\Projects\BlazorUserControl\Application\Modules\R2Y\Repositories\Interface\Chat\IChatService.cs(1,19): error CS0234: The type or namespace name 'GraphQlClient' does not exist in the namespace 'Application' (are you missing an assembly reference?) [C:\Users\User\Documents\Projects\BlazorUserControl\Application\Application.csproj]
C:\Users\User\Documents\Projects\BlazorUserControl\Application\Modules\R2Y\Repositories\Service\Chat\ChatService.cs(1,19): error CS0234: The type or namespace name 'GraphQlClient' does not exist in the namespace 'Application' (are you missing an assembly reference?) [C:\Users\User\Documents\Projects\BlazorUserControl\Application\Application.csproj]

Build FAILED.

C:\Users\User\Documents\Projects\BlazorUserControl\Application\Modules\R2Y\Repositories\Interface\Chat\IChatService.cs(1,19): error CS0234: The type or namespace name 'GraphQlClient' does not exist in the namespace 'Application' (are you missing an assembly reference?) [C:\Users\User\Documents\Projects\BlazorUserControl\Application\Application.csproj]
C:\Users\User\Documents\Projects\BlazorUserControl\Application\Modules\R2Y\Repositories\Service\Chat\ChatService.cs(1,19): error CS0234: The type or namespace name 'GraphQlClient' does not exist in the namespace 'Application' (are you missing an assembly reference?) [C:\Users\User\Documents\Projects\BlazorUserControl\Application\Application.csproj]
    0 Warning(s)
    2 Error(s)

Time Elapsed 00:00:01.77
